// Jest Snapshot v1, https://goo.gl/fbAQLP

exports[`MicroCMSImage 1`] = `
<div>
  <div>
    <div
      style="display: block; overflow: hidden; position: relative; box-sizing: border-box; margin: 0px;"
    >
      <div
        style="display: block; box-sizing: border-box; padding-top: 56.25%;"
      />
      <noscript />
      <img
        alt="サンプル"
        decoding="async"
        src="data:image/gif;base64,R0lGODlhAQABAIAAAAAAAP///yH5BAEAAAAALAAAAAABAAEAAAIBRAA7"
        style="position: absolute; top: 0px; left: 0px; bottom: 0px; right: 0px; box-sizing: border-box; padding: 0px; margin: auto; display: block; width: 0px; height: 0px; min-width: 100%; max-width: 100%; min-height: 100%; max-height: 100%; filter: blur(20px); background-size: cover; background-image: url(https://sample.png?auto=compress&w=10);"
      />
    </div>
  </div>
</div>
`;
